Archive member included because of file (symbol)

/usr/local/lpcxpresso_6.1.2_177/lpcxpresso/tools/bin/../lib/gcc/arm-none-eabi/4.6.2/../../../../arm-none-eabi/lib/armv6-m/libcr_c.a(__weak__main.o)
                              ./src/cr_startup_lpc8xx.o (__main)
/usr/local/lpcxpresso_6.1.2_177/lpcxpresso/tools/bin/../lib/gcc/arm-none-eabi/4.6.2/armv6-m/libcr_eabihelpers.a(division.o)
                              ./src/printf.o (__aeabi_uidiv)
/usr/local/lpcxpresso_6.1.2_177/lpcxpresso/tools/bin/../lib/gcc/arm-none-eabi/4.6.2/armv6-m/libcr_eabihelpers.a(double.o)
                              ./src/main.o (__aeabi_dmul)
/usr/local/lpcxpresso_6.1.2_177/lpcxpresso/tools/bin/../lib/gcc/arm-none-eabi/4.6.2/armv6-m/libcr_eabihelpers.a(llong.o)
                              /usr/local/lpcxpresso_6.1.2_177/lpcxpresso/tools/bin/../lib/gcc/arm-none-eabi/4.6.2/armv6-m/libcr_eabihelpers.a(double.o) (__aeabi_lmul)

Discarded input sections

 .text          0x00000000        0x0 ./src/cr_startup_lpc8xx.o
 .data          0x00000000        0x0 ./src/cr_startup_lpc8xx.o
 .bss           0x00000000        0x0 ./src/cr_startup_lpc8xx.o
 .text.data_init
                0x00000000       0x12 ./src/cr_startup_lpc8xx.o
 .text.bss_init
                0x00000000       0x12 ./src/cr_startup_lpc8xx.o
 .text          0x00000000        0x0 ./src/gpio.o
 .data          0x00000000        0x0 ./src/gpio.o
 .bss           0x00000000        0x0 ./src/gpio.o
 .text.gpioSetDir
                0x00000000       0x26 ./src/gpio.o
 .text          0x00000000        0x0 ./src/main.o
 .data          0x00000000        0x0 ./src/main.o
 .bss           0x00000000        0x0 ./src/main.o
 .text.showbits
                0x00000000       0x34 ./src/main.o
 .text          0x00000000        0x0 ./src/mrt.o
 .data          0x00000000        0x0 ./src/mrt.o
 .bss           0x00000000        0x0 ./src/mrt.o
 .text          0x00000000        0x0 ./src/printf-retarget.o
 .data          0x00000000        0x0 ./src/printf-retarget.o
 .bss           0x00000000        0x0 ./src/printf-retarget.o
 .text.puts     0x00000000       0x14 ./src/printf-retarget.o
 .text          0x00000000        0x0 ./src/printf.o
 .data          0x00000000        0x0 ./src/printf.o
 .bss           0x00000000        0x0 ./src/printf.o
 .text.sprintf  0x00000000       0x1a ./src/printf.o
 .text          0x00000000        0x0 ./src/spi.o
 .data          0x00000000        0x0 ./src/spi.o
 .bss           0x00000000        0x0 ./src/spi.o
 .text.spiInit  0x00000000       0x34 ./src/spi.o
 .text.spiTransfer
                0x00000000       0x20 ./src/spi.o
 .text          0x00000000        0x0 ./src/system_LPC8xx.o
 .data          0x00000000        0x0 ./src/system_LPC8xx.o
 .bss           0x00000000        0x0 ./src/system_LPC8xx.o
 .text.SystemCoreClockUpdate
                0x00000000       0x88 ./src/system_LPC8xx.o
 .rodata.CSWTCH.6
                0x00000000       0x3c ./src/system_LPC8xx.o
 .data.SystemCoreClock
                0x00000000        0x4 ./src/system_LPC8xx.o
 .text          0x00000000        0x0 ./src/uart.o
 .data          0x00000000        0x0 ./src/uart.o
 .bss           0x00000000        0x0 ./src/uart.o
 .text.uart0Send
                0x00000000       0x18 ./src/uart.o
 .text          0x00000000        0x0 /usr/local/lpcxpresso_6.1.2_177/lpcxpresso/tools/bin/../lib/gcc/arm-none-eabi/4.6.2/../../../../arm-none-eabi/lib/armv6-m/libcr_c.a(__weak__main.o)
 .data          0x00000000        0x0 /usr/local/lpcxpresso_6.1.2_177/lpcxpresso/tools/bin/../lib/gcc/arm-none-eabi/4.6.2/../../../../arm-none-eabi/lib/armv6-m/libcr_c.a(__weak__main.o)
 .bss           0x00000000        0x0 /usr/local/lpcxpresso_6.1.2_177/lpcxpresso/tools/bin/../lib/gcc/arm-none-eabi/4.6.2/../../../../arm-none-eabi/lib/armv6-m/libcr_c.a(__weak__main.o)
 .text          0x00000000        0x0 /usr/local/lpcxpresso_6.1.2_177/lpcxpresso/tools/bin/../lib/gcc/arm-none-eabi/4.6.2/armv6-m/libcr_eabihelpers.a(division.o)
 .data          0x00000000        0x0 /usr/local/lpcxpresso_6.1.2_177/lpcxpresso/tools/bin/../lib/gcc/arm-none-eabi/4.6.2/armv6-m/libcr_eabihelpers.a(division.o)
 .bss           0x00000000        0x0 /usr/local/lpcxpresso_6.1.2_177/lpcxpresso/tools/bin/../lib/gcc/arm-none-eabi/4.6.2/armv6-m/libcr_eabihelpers.a(division.o)
 .text.__aeabi_division_idivmod
                0x00000000        0x6 /usr/local/lpcxpresso_6.1.2_177/lpcxpresso/tools/bin/../lib/gcc/arm-none-eabi/4.6.2/armv6-m/libcr_eabihelpers.a(division.o)
 .text.__aeabi_division_uldivmod
                0x00000000       0x5a /usr/local/lpcxpresso_6.1.2_177/lpcxpresso/tools/bin/../lib/gcc/arm-none-eabi/4.6.2/armv6-m/libcr_eabihelpers.a(division.o)
 .text.__aeabi_division_ldivmod
                0x00000000       0x32 /usr/local/lpcxpresso_6.1.2_177/lpcxpresso/tools/bin/../lib/gcc/arm-none-eabi/4.6.2/armv6-m/libcr_eabihelpers.a(division.o)
 .text.__aeabi_division_ldiv0
                0x00000000        0x2 /usr/local/lpcxpresso_6.1.2_177/lpcxpresso/tools/bin/../lib/gcc/arm-none-eabi/4.6.2/armv6-m/libcr_eabihelpers.a(division.o)
 .text.__aeabi_division_idivq31+15
                0x00000000      0x188 /usr/local/lpcxpresso_6.1.2_177/lpcxpresso/tools/bin/../lib/gcc/arm-none-eabi/4.6.2/armv6-m/libcr_eabihelpers.a(division.o)
 .text          0x00000000        0x0 /usr/local/lpcxpresso_6.1.2_177/lpcxpresso/tools/bin/../lib/gcc/arm-none-eabi/4.6.2/armv6-m/libcr_eabihelpers.a(double.o)
 .data          0x00000000        0x0 /usr/local/lpcxpresso_6.1.2_177/lpcxpresso/tools/bin/../lib/gcc/arm-none-eabi/4.6.2/armv6-m/libcr_eabihelpers.a(double.o)
 .bss           0x00000000        0x0 /usr/local/lpcxpresso_6.1.2_177/lpcxpresso/tools/bin/../lib/gcc/arm-none-eabi/4.6.2/armv6-m/libcr_eabihelpers.a(double.o)
 .text.__aeabi_ddiv
                0x00000000      0x178 /usr/local/lpcxpresso_6.1.2_177/lpcxpresso/tools/bin/../lib/gcc/arm-none-eabi/4.6.2/armv6-m/libcr_eabihelpers.a(double.o)
 .text.__aeabi_drsub
                0x00000000       0x28 /usr/local/lpcxpresso_6.1.2_177/lpcxpresso/tools/bin/../lib/gcc/arm-none-eabi/4.6.2/armv6-m/libcr_eabihelpers.a(double.o)
 .text.__aeabi_dneg
                0x00000000       0x10 /usr/local/lpcxpresso_6.1.2_177/lpcxpresso/tools/bin/../lib/gcc/arm-none-eabi/4.6.2/armv6-m/libcr_eabihelpers.a(double.o)
 .text.__aeabi_d2f
                0x00000000       0x5c /usr/local/lpcxpresso_6.1.2_177/lpcxpresso/tools/bin/../lib/gcc/arm-none-eabi/4.6.2/armv6-m/libcr_eabihelpers.a(double.o)
 .text.__aeabi_d2iz
                0x00000000       0x4c /usr/local/lpcxpresso_6.1.2_177/lpcxpresso/tools/bin/../lib/gcc/arm-none-eabi/4.6.2/armv6-m/libcr_eabihelpers.a(double.o)
 .text.__aeabi_d2uiz
                0x00000000       0x38 /usr/local/lpcxpresso_6.1.2_177/lpcxpresso/tools/bin/../lib/gcc/arm-none-eabi/4.6.2/armv6-m/libcr_eabihelpers.a(double.o)
 .text.__aeabi_d2lz
                0x00000000       0x78 /usr/local/lpcxpresso_6.1.2_177/lpcxpresso/tools/bin/../lib/gcc/arm-none-eabi/4.6.2/armv6-m/libcr_eabihelpers.a(double.o)
 .text.__aeabi_d2ulz
                0x00000000       0x58 /usr/local/lpcxpresso_6.1.2_177/lpcxpresso/tools/bin/../lib/gcc/arm-none-eabi/4.6.2/armv6-m/libcr_eabihelpers.a(double.o)
 .text.__bhs_ul2d
                0x00000000       0xb4 /usr/local/lpcxpresso_6.1.2_177/lpcxpresso/tools/bin/../lib/gcc/arm-none-eabi/4.6.2/armv6-m/libcr_eabihelpers.a(double.o)
 .text.__aeabi_ui2d
                0x00000000        0xc /usr/local/lpcxpresso_6.1.2_177/lpcxpresso/tools/bin/../lib/gcc/arm-none-eabi/4.6.2/armv6-m/libcr_eabihelpers.a(double.o)
 .text.__aeabi_l2d
                0x00000000       0x20 /usr/local/lpcxpresso_6.1.2_177/lpcxpresso/tools/bin/../lib/gcc/arm-none-eabi/4.6.2/armv6-m/libcr_eabihelpers.a(double.o)
 .text.__aeabi_ul2d
                0x00000000        0xc /usr/local/lpcxpresso_6.1.2_177/lpcxpresso/tools/bin/../lib/gcc/arm-none-eabi/4.6.2/armv6-m/libcr_eabihelpers.a(double.o)
 .text.__aeabi_dcmpeq
                0x00000000       0x40 /usr/local/lpcxpresso_6.1.2_177/lpcxpresso/tools/bin/../lib/gcc/arm-none-eabi/4.6.2/armv6-m/libcr_eabihelpers.a(double.o)
 .text.__aeabi_dcmplt
                0x00000000       0x64 /usr/local/lpcxpresso_6.1.2_177/lpcxpresso/tools/bin/../lib/gcc/arm-none-eabi/4.6.2/armv6-m/libcr_eabihelpers.a(double.o)
 .text.__aeabi_dcmpgt
                0x00000000       0x64 /usr/local/lpcxpresso_6.1.2_177/lpcxpresso/tools/bin/../lib/gcc/arm-none-eabi/4.6.2/armv6-m/libcr_eabihelpers.a(double.o)
 .text.__aeabi_dcmple
                0x00000000       0x64 /usr/local/lpcxpresso_6.1.2_177/lpcxpresso/tools/bin/../lib/gcc/arm-none-eabi/4.6.2/armv6-m/libcr_eabihelpers.a(double.o)
 .text.__aeabi_dcmpge
                0x00000000       0x64 /usr/local/lpcxpresso_6.1.2_177/lpcxpresso/tools/bin/../lib/gcc/arm-none-eabi/4.6.2/armv6-m/libcr_eabihelpers.a(double.o)
 .text.__aeabi_dcmpun
                0x00000000       0x1c /usr/local/lpcxpresso_6.1.2_177/lpcxpresso/tools/bin/../lib/gcc/arm-none-eabi/4.6.2/armv6-m/libcr_eabihelpers.a(double.o)
 .text.__aeabi_cdcmple
                0x00000000       0x2e /usr/local/lpcxpresso_6.1.2_177/lpcxpresso/tools/bin/../lib/gcc/arm-none-eabi/4.6.2/armv6-m/libcr_eabihelpers.a(double.o)
 .text.__aeabi_cdrcmple
                0x00000000       0x14 /usr/local/lpcxpresso_6.1.2_177/lpcxpresso/tools/bin/../lib/gcc/arm-none-eabi/4.6.2/armv6-m/libcr_eabihelpers.a(double.o)
 .text          0x00000000        0x0 /usr/local/lpcxpresso_6.1.2_177/lpcxpresso/tools/bin/../lib/gcc/arm-none-eabi/4.6.2/armv6-m/libcr_eabihelpers.a(llong.o)
 .data          0x00000000        0x0 /usr/local/lpcxpresso_6.1.2_177/lpcxpresso/tools/bin/../lib/gcc/arm-none-eabi/4.6.2/armv6-m/libcr_eabihelpers.a(llong.o)
 .bss           0x00000000        0x0 /usr/local/lpcxpresso_6.1.2_177/lpcxpresso/tools/bin/../lib/gcc/arm-none-eabi/4.6.2/armv6-m/libcr_eabihelpers.a(llong.o)
 .text.__aeabi_llong_llsl
                0x00000000       0x18 /usr/local/lpcxpresso_6.1.2_177/lpcxpresso/tools/bin/../lib/gcc/arm-none-eabi/4.6.2/armv6-m/libcr_eabihelpers.a(llong.o)
 .text.__aeabi_llong_llsr
                0x00000000       0x18 /usr/local/lpcxpresso_6.1.2_177/lpcxpresso/tools/bin/../lib/gcc/arm-none-eabi/4.6.2/armv6-m/libcr_eabihelpers.a(llong.o)
 .text.__aeabi_llong_lasr
                0x00000000       0x18 /usr/local/lpcxpresso_6.1.2_177/lpcxpresso/tools/bin/../lib/gcc/arm-none-eabi/4.6.2/armv6-m/libcr_eabihelpers.a(llong.o)
 .text.__aeabi_llong_lcmp
                0x00000000       0x14 /usr/local/lpcxpresso_6.1.2_177/lpcxpresso/tools/bin/../lib/gcc/arm-none-eabi/4.6.2/armv6-m/libcr_eabihelpers.a(llong.o)
 .text.__aeabi_llong_ulcmp
                0x00000000       0x10 /usr/local/lpcxpresso_6.1.2_177/lpcxpresso/tools/bin/../lib/gcc/arm-none-eabi/4.6.2/armv6-m/libcr_eabihelpers.a(llong.o)

Memory Configuration

Name             Origin             Length             Attributes
MFlash4          0x00000000         0x00001000         xr
RamLoc1          0x10000000         0x00000400         xrw
*default*        0x00000000         0xffffffff

Linker script and memory map

LOAD ./src/cr_startup_lpc8xx.o
LOAD ./src/gpio.o
LOAD ./src/main.o
LOAD ./src/mrt.o
LOAD ./src/printf-retarget.o
LOAD ./src/printf.o
LOAD ./src/spi.o
LOAD ./src/system_LPC8xx.o
LOAD ./src/uart.o
START GROUP
LOAD /usr/local/lpcxpresso_6.1.2_177/lpcxpresso/tools/bin/../lib/gcc/arm-none-eabi/4.6.2/../../../../arm-none-eabi/lib/armv6-m/libcr_c.a
LOAD /usr/local/lpcxpresso_6.1.2_177/lpcxpresso/tools/bin/../lib/gcc/arm-none-eabi/4.6.2/armv6-m/libcr_eabihelpers.a
END GROUP
                0x00001000                __top_MFlash4 = 0x1000
                0x10000400                __top_RamLoc1 = 0x10000400

.text           0x00000000      0xd50
 FILL mask 0xff
                0x00000000                __vectors_start__ = ABSOLUTE (.)
 *(.isr_vector)
 .isr_vector    0x00000000       0xc0 ./src/cr_startup_lpc8xx.o
                0x00000000                g_pfnVectors
                0x000000c0                . = ALIGN (0x4)
                0x000000c0                __section_table_start = .
                0x000000c0                __data_section_table = .
                0x000000c0        0x4 LONG 0xd50 LOADADDR (.data)
                0x000000c4        0x4 LONG 0x10000000 ADDR (.data)
                0x000000c8        0x4 LONG 0x0 SIZEOF (.data)
                0x000000cc                __data_section_table_end = .
                0x000000cc                __bss_section_table = .
                0x000000cc        0x4 LONG 0x10000000 ADDR (.bss)
                0x000000d0        0x4 LONG 0x4 SIZEOF (.bss)
                0x000000d4                __bss_section_table_end = .
                0x000000d4                __section_table_end = .
 *(.after_vectors*)
 .after_vectors
                0x000000d4       0x70 ./src/cr_startup_lpc8xx.o
                0x000000d4                NMI_Handler
                0x000000d8                HardFault_Handler
                0x000000dc                PendSV_Handler
                0x000000e0                SysTick_Handler
                0x000000e4                ResetISR
                0x0000013c                SVCall_Handler
                0x00000140                CMP_IRQHandler
                0x00000140                PININT7_IRQHandler
                0x00000140                WKT_IRQHandler
                0x00000140                PININT2_IRQHandler
                0x00000140                PININT1_IRQHandler
                0x00000140                UART1_IRQHandler
                0x00000140                UART0_IRQHandler
                0x00000140                SPI1_IRQHandler
                0x00000140                IntDefaultHandler
                0x00000140                PININT3_IRQHandler
                0x00000140                UART2_IRQHandler
                0x00000140                PININT5_IRQHandler
                0x00000140                PININT4_IRQHandler
                0x00000140                PININT0_IRQHandler
                0x00000140                BOD_IRQHandler
                0x00000140                SCT_IRQHandler
                0x00000140                I2C_IRQHandler
                0x00000140                WDT_IRQHandler
                0x00000140                PININT6_IRQHandler
                0x00000140                SPI0_IRQHandler
 *(.text*)
 .text.gpioInit
                0x00000144       0x28 ./src/gpio.o
                0x00000144                gpioInit
 .text.gpioGetPinValue
                0x0000016c       0x2e ./src/gpio.o
                0x0000016c                gpioGetPinValue
 .text.gpioSetValue
                0x0000019a       0x1c ./src/gpio.o
                0x0000019a                gpioSetValue
 *fill*         0x000001b6        0x2 00
 .text.configurePins
                0x000001b8       0x4c ./src/main.o
                0x000001b8                configurePins
 .text.spiread32
                0x00000204       0x74 ./src/main.o
                0x00000204                spiread32
 .text.readCelsius
                0x00000278       0x70 ./src/main.o
                0x00000278                readCelsius
 .text.startup.main
                0x000002e8       0x70 ./src/main.o
                0x000002e8                main
 .text.MRT_IRQHandler
                0x00000358       0x20 ./src/mrt.o
                0x00000358                MRT_IRQHandler
 .text.mrtInit  0x00000378       0x4c ./src/mrt.o
                0x00000378                mrtInit
 .text.mrtDelay
                0x000003c4       0x14 ./src/mrt.o
                0x000003c4                mrtDelay
 .text.putchar  0x000003d8        0x8 ./src/printf-retarget.o
                0x000003d8                putchar
 .text.printchar
                0x000003e0       0x1a ./src/printf.o
 .text.prints   0x000003fa       0x7a ./src/printf.o
 .text.printi   0x00000474       0xa6 ./src/printf.o
 *fill*         0x0000051a        0x2 00
 .text.print    0x0000051c      0x118 ./src/printf.o
 .text.printf   0x00000634       0x18 ./src/printf.o
                0x00000634                printf
 .text.SystemInit
                0x0000064c       0x68 ./src/system_LPC8xx.o
                0x0000064c                SystemInit
 .text.uart0Init
                0x000006b4       0x8c ./src/uart.o
                0x000006b4                uart0Init
 .text.uart0SendChar
                0x00000740       0x18 ./src/uart.o
                0x00000740                uart0SendChar
 .text.__weak_main
                0x00000758        0x8 /usr/local/lpcxpresso_6.1.2_177/lpcxpresso/tools/bin/../lib/gcc/arm-none-eabi/4.6.2/../../../../arm-none-eabi/lib/armv6-m/libcr_c.a(__weak__main.o)
                0x00000758                __main
                0x00000758                __weak_main
 .text.__aeabi_division_uidivmod
                0x00000760       0x72 /usr/local/lpcxpresso_6.1.2_177/lpcxpresso/tools/bin/../lib/gcc/arm-none-eabi/4.6.2/armv6-m/libcr_eabihelpers.a(division.o)
                0x00000760                __aeabi_uidiv
                0x00000760                __aeabi_uidivmod
 .text.__aeabi_division_idiv0
                0x000007d2        0x2 /usr/local/lpcxpresso_6.1.2_177/lpcxpresso/tools/bin/../lib/gcc/arm-none-eabi/4.6.2/armv6-m/libcr_eabihelpers.a(division.o)
                0x000007d2                __aeabi_idiv0
 *fill*         0x000007d4        0x4 00
 .text.__aeabi_dmul
                0x000007d8      0x180 /usr/local/lpcxpresso_6.1.2_177/lpcxpresso/tools/bin/../lib/gcc/arm-none-eabi/4.6.2/armv6-m/libcr_eabihelpers.a(double.o)
                0x000007d8                __aeabi_dmul
 .text.__aeabi_dsub
                0x00000958      0x1d8 /usr/local/lpcxpresso_6.1.2_177/lpcxpresso/tools/bin/../lib/gcc/arm-none-eabi/4.6.2/armv6-m/libcr_eabihelpers.a(double.o)
                0x00000958                __aeabi_dsub
 .text.__aeabi_dadd
                0x00000b30      0x140 /usr/local/lpcxpresso_6.1.2_177/lpcxpresso/tools/bin/../lib/gcc/arm-none-eabi/4.6.2/armv6-m/libcr_eabihelpers.a(double.o)
                0x00000b30                __aeabi_dadd
 .text.__bhs_ui2d
                0x00000c70       0x5e /usr/local/lpcxpresso_6.1.2_177/lpcxpresso/tools/bin/../lib/gcc/arm-none-eabi/4.6.2/armv6-m/libcr_eabihelpers.a(double.o)
                0x00000c70                __bhs_ui2d
 .text.__aeabi_i2d
                0x00000cce       0x16 /usr/local/lpcxpresso_6.1.2_177/lpcxpresso/tools/bin/../lib/gcc/arm-none-eabi/4.6.2/armv6-m/libcr_eabihelpers.a(double.o)
                0x00000cce                __aeabi_i2d
 .text.__aeabi_llong_lmul
                0x00000ce4       0x2e /usr/local/lpcxpresso_6.1.2_177/lpcxpresso/tools/bin/../lib/gcc/arm-none-eabi/4.6.2/armv6-m/libcr_eabihelpers.a(llong.o)
                0x00000ce4                __aeabi_lmul
 *(.rodata .rodata.* .constdata .constdata.*)
 .rodata.str1.1
                0x00000d12       0x35 ./src/main.o
                                 0x37 (size before relaxing)
 .rodata.str1.1
                0x00000d47        0x7 ./src/printf.o
                0x00000d50                . = ALIGN (0x4)
 *fill*         0x00000d4e        0x2 ff

.glue_7         0x00000d50        0x0
 .glue_7        0x00000000        0x0 linker stubs

.glue_7t        0x00000d50        0x0
 .glue_7t       0x00000000        0x0 linker stubs

.vfp11_veneer   0x00000d50        0x0
 .vfp11_veneer  0x00000000        0x0 linker stubs

.v4_bx          0x00000d50        0x0
 .v4_bx         0x00000000        0x0 linker stubs

.ARM.extab
 *(.ARM.extab* .gnu.linkonce.armextab.*)
                0x00000d50                __exidx_start = .

.ARM.exidx
 *(.ARM.exidx* .gnu.linkonce.armexidx.*)
                0x00000d50                __exidx_end = .
                0x00000d50                _etext = .

.mtb_buffer_default
 *(.mtb*)

.uninit_RESERVED
                0x10000000        0x0
 *(.bss.$RESERVED*)
                0x10000000                . = ALIGN (0x4)
                0x10000000                _end_uninit_RESERVED = .

.data           0x10000000        0x0 load address 0x00000d50
 FILL mask 0xff
                0x10000000                _data = .
 *(vtable)
 *(.data*)
                0x10000000                . = ALIGN (0x4)
                0x10000000                _edata = .

.bss            0x10000000        0x4 load address 0x00000d50
                0x10000000                _bss = .
 *(.bss*)
 .bss.mrt_counter
                0x10000000        0x4 ./src/mrt.o
                0x10000000                mrt_counter
 *(COMMON)
                0x10000004                . = ALIGN (0x4)
                0x10000004                _ebss = .
                0x10000004                PROVIDE (end, .)

.noinit         0x10000004        0x0 load address 0x00000d50
                0x10000004                _noinit = .
 *(.noinit*)
                0x10000004                . = ALIGN (0x4)
                0x10000004                _end_noinit = .
                0x10000004                PROVIDE (_pvHeapStart, .)
                0x10000400                PROVIDE (_vStackTop, (__top_RamLoc1 - 0x0))
OUTPUT(LPC810_CodeBase.axf elf32-littlearm)

.debug_info     0x00000000     0x304b
 .debug_info    0x00000000      0x360 ./src/cr_startup_lpc8xx.o
 .debug_info    0x00000360      0x69b ./src/gpio.o
 .debug_info    0x000009fb      0x820 ./src/main.o
 .debug_info    0x0000121b      0x775 ./src/mrt.o
 .debug_info    0x00001990       0xff ./src/printf-retarget.o
 .debug_info    0x00001a8f      0x377 ./src/printf.o
 .debug_info    0x00001e06      0x568 ./src/spi.o
 .debug_info    0x0000236e      0x50a ./src/system_LPC8xx.o
 .debug_info    0x00002878      0x7d3 ./src/uart.o

.debug_abbrev   0x00000000      0xb50
 .debug_abbrev  0x00000000      0x146 ./src/cr_startup_lpc8xx.o
 .debug_abbrev  0x00000146      0x13d ./src/gpio.o
 .debug_abbrev  0x00000283      0x1b5 ./src/main.o
 .debug_abbrev  0x00000438      0x174 ./src/mrt.o
 .debug_abbrev  0x000005ac       0xab ./src/printf-retarget.o
 .debug_abbrev  0x00000657      0x194 ./src/printf.o
 .debug_abbrev  0x000007eb      0x111 ./src/spi.o
 .debug_abbrev  0x000008fc       0xdf ./src/system_LPC8xx.o
 .debug_abbrev  0x000009db      0x175 ./src/uart.o

.debug_loc      0x00000000      0xe59
 .debug_loc     0x00000000      0x390 ./src/cr_startup_lpc8xx.o
 .debug_loc     0x00000390      0x14e ./src/gpio.o
 .debug_loc     0x000004de      0x1ab ./src/main.o
 .debug_loc     0x00000689       0x8e ./src/mrt.o
 .debug_loc     0x00000717       0x84 ./src/printf-retarget.o
 .debug_loc     0x0000079b      0x533 ./src/printf.o
 .debug_loc     0x00000cce       0x66 ./src/spi.o
 .debug_loc     0x00000d34       0x5f ./src/system_LPC8xx.o
 .debug_loc     0x00000d93       0xc6 ./src/uart.o

.debug_aranges  0x00000000      0x1f8
 .debug_aranges
                0x00000000       0x60 ./src/cr_startup_lpc8xx.o
 .debug_aranges
                0x00000060       0x38 ./src/gpio.o
 .debug_aranges
                0x00000098       0x40 ./src/main.o
 .debug_aranges
                0x000000d8       0x30 ./src/mrt.o
 .debug_aranges
                0x00000108       0x28 ./src/printf-retarget.o
 .debug_aranges
                0x00000130       0x48 ./src/printf.o
 .debug_aranges
                0x00000178       0x28 ./src/spi.o
 .debug_aranges
                0x000001a0       0x28 ./src/system_LPC8xx.o
 .debug_aranges
                0x000001c8       0x30 ./src/uart.o

.debug_ranges   0x00000000      0x1f8
 .debug_ranges  0x00000000       0xc0 ./src/cr_startup_lpc8xx.o
 .debug_ranges  0x000000c0       0x28 ./src/gpio.o
 .debug_ranges  0x000000e8       0x30 ./src/main.o
 .debug_ranges  0x00000118       0x20 ./src/mrt.o
 .debug_ranges  0x00000138       0x18 ./src/printf-retarget.o
 .debug_ranges  0x00000150       0x38 ./src/printf.o
 .debug_ranges  0x00000188       0x18 ./src/spi.o
 .debug_ranges  0x000001a0       0x18 ./src/system_LPC8xx.o
 .debug_ranges  0x000001b8       0x40 ./src/uart.o

.debug_line     0x00000000      0xc1e
 .debug_line    0x00000000       0xdf ./src/cr_startup_lpc8xx.o
 .debug_line    0x000000df      0x149 ./src/gpio.o
 .debug_line    0x00000228      0x1bb ./src/main.o
 .debug_line    0x000003e3      0x156 ./src/mrt.o
 .debug_line    0x00000539       0x6d ./src/printf-retarget.o
 .debug_line    0x000005a6      0x244 ./src/printf.o
 .debug_line    0x000007ea      0x130 ./src/spi.o
 .debug_line    0x0000091a      0x168 ./src/system_LPC8xx.o
 .debug_line    0x00000a82      0x19c ./src/uart.o

.debug_str      0x00000000      0xa9b
 .debug_str     0x00000000      0x202 ./src/cr_startup_lpc8xx.o
                                0x22a (size before relaxing)
 .debug_str     0x00000202      0x2b4 ./src/gpio.o
                                0x3ab (size before relaxing)
 .debug_str     0x000004b6      0x10e ./src/main.o
                                0x47a (size before relaxing)
 .debug_str     0x000005c4      0x2bf ./src/mrt.o
                                0x5dc (size before relaxing)
 .debug_str     0x00000883       0x26 ./src/printf-retarget.o
                                0x11d (size before relaxing)
 .debug_str     0x000008a9       0x78 ./src/printf.o
                                0x11a (size before relaxing)
 .debug_str     0x00000921       0x71 ./src/spi.o
                                0x392 (size before relaxing)
 .debug_str     0x00000992       0x86 ./src/system_LPC8xx.o
                                0x394 (size before relaxing)
 .debug_str     0x00000a18       0x83 ./src/uart.o
                                0x5e4 (size before relaxing)

.comment        0x00000000       0xe0
 .comment       0x00000000       0x70 ./src/cr_startup_lpc8xx.o
                                 0x71 (size before relaxing)
 .comment       0x00000000       0x71 ./src/gpio.o
 .comment       0x00000000       0x71 ./src/main.o
 .comment       0x00000000       0x71 ./src/mrt.o
 .comment       0x00000000       0x71 ./src/printf-retarget.o
 .comment       0x00000000       0x71 ./src/printf.o
 .comment       0x00000000       0x71 ./src/spi.o
 .comment       0x00000000       0x71 ./src/system_LPC8xx.o
 .comment       0x00000000       0x71 ./src/uart.o
 .comment       0x00000000       0x71 /usr/local/lpcxpresso_6.1.2_177/lpcxpresso/tools/bin/../lib/gcc/arm-none-eabi/4.6.2/../../../../arm-none-eabi/lib/armv6-m/libcr_c.a(__weak__main.o)
 .comment       0x00000070       0x70 /usr/local/lpcxpresso_6.1.2_177/lpcxpresso/tools/bin/../lib/gcc/arm-none-eabi/4.6.2/armv6-m/libcr_eabihelpers.a(double.o)
                                 0x71 (size before relaxing)

.ARM.attributes
                0x00000000       0x2f
 .ARM.attributes
                0x00000000       0x31 ./src/cr_startup_lpc8xx.o
 .ARM.attributes
                0x00000031       0x31 ./src/gpio.o
 .ARM.attributes
                0x00000062       0x31 ./src/main.o
 .ARM.attributes
                0x00000093       0x31 ./src/mrt.o
 .ARM.attributes
                0x000000c4       0x31 ./src/printf-retarget.o
 .ARM.attributes
                0x000000f5       0x31 ./src/printf.o
 .ARM.attributes
                0x00000126       0x31 ./src/spi.o
 .ARM.attributes
                0x00000157       0x31 ./src/system_LPC8xx.o
 .ARM.attributes
                0x00000188       0x31 ./src/uart.o
 .ARM.attributes
                0x000001b9       0x31 /usr/local/lpcxpresso_6.1.2_177/lpcxpresso/tools/bin/../lib/gcc/arm-none-eabi/4.6.2/../../../../arm-none-eabi/lib/armv6-m/libcr_c.a(__weak__main.o)
 .ARM.attributes
                0x000001ea       0x21 /usr/local/lpcxpresso_6.1.2_177/lpcxpresso/tools/bin/../lib/gcc/arm-none-eabi/4.6.2/armv6-m/libcr_eabihelpers.a(division.o)
 .ARM.attributes
                0x0000020b       0x31 /usr/local/lpcxpresso_6.1.2_177/lpcxpresso/tools/bin/../lib/gcc/arm-none-eabi/4.6.2/armv6-m/libcr_eabihelpers.a(double.o)
 .ARM.attributes
                0x0000023c       0x21 /usr/local/lpcxpresso_6.1.2_177/lpcxpresso/tools/bin/../lib/gcc/arm-none-eabi/4.6.2/armv6-m/libcr_eabihelpers.a(llong.o)

.debug_frame    0x00000000      0x444
 .debug_frame   0x00000000       0xec ./src/cr_startup_lpc8xx.o
 .debug_frame   0x000000ec       0x68 ./src/gpio.o
 .debug_frame   0x00000154       0x9c ./src/main.o
 .debug_frame   0x000001f0       0x58 ./src/mrt.o
 .debug_frame   0x00000248       0x40 ./src/printf-retarget.o
 .debug_frame   0x00000288       0xcc ./src/printf.o
 .debug_frame   0x00000354       0x44 ./src/spi.o
 .debug_frame   0x00000398       0x44 ./src/system_LPC8xx.o
 .debug_frame   0x000003dc       0x68 ./src/uart.o
